Category: 📺央视频道, Name: CCTV-1, Total: 2, Valid: 0, Valid Percent: 0.00%, Whitelist: 0, IPv4: 2, IPv6: 0, Min Delay: 12886 ms, Max Speed: 0.00 M/s, Avg Speed: 0.00 M/s, Max Resolution: None
Category: 📺央视频道, Name: CCTV-2, Total: 9, Valid: 8, Valid Percent: 88.89%, Whitelist: 0, IPv4: 9, IPv6: 0, Min Delay: 312 ms, Max Speed: 9.92 M/s, Avg Speed: 8.17 M/s, Max Resolution: 1920x1080
Category: 📺央视频道, Name: CCTV-3, Total: 16, Valid: 15, Valid Percent: 93.75%, Whitelist: 0, IPv4: 16, IPv6: 0, Min Delay: 59 ms, Max Speed: 83.47 M/s, Avg Speed: 46.58 M/s, Max Resolution: 1920x1080
Category: 📺央视频道, Name: CCTV-4, Total: 18, Valid: 18, Valid Percent: 100.00%, Whitelist: 0, IPv4: 18, IPv6: 0, Min Delay: 59 ms, Max Speed: 83.47 M/s, Avg Speed: 27.66 M/s, Max Resolution: 1920x1080
Category: 📺央视频道, Name: CCTV-5, Total: 29, Valid: 28, Valid Percent: 96.55%, Whitelist: 0, IPv4: 29, IPv6: 0, Min Delay: 59 ms, Max Speed: 83.47 M/s, Avg Speed: 19.83 M/s, Max Resolution: 1920x1080
Category: 📺央视频道, Name: CCTV-5+, Total: 7, Valid: 7, Valid Percent: 100.00%, Whitelist: 0, IPv4: 7, IPv6: 0, Min Delay: 186 ms, Max Speed: 11.91 M/s, Avg Speed: 6.26 M/s, Max Resolution: 1920x1080
Category: 📺央视频道, Name: CCTV-6, Total: 23, Valid: 22, Valid Percent: 95.65%, Whitelist: 0, IPv4: 23, IPv6: 0, Min Delay: 59 ms, Max Speed: 83.47 M/s, Avg Speed: 30.14 M/s, Max Resolution: 1920x1080
Category: 📺央视频道, Name: CCTV-7, Total: 21, Valid: 20, Valid Percent: 95.24%, Whitelist: 0, IPv4: 21, IPv6: 0, Min Delay: 59 ms, Max Speed: 83.47 M/s, Avg Speed: 32.72 M/s, Max Resolution: 1920x1080
Category: 📺央视频道, Name: CCTV-8, Total: 25, Valid: 24, Valid Percent: 96.00%, Whitelist: 0, IPv4: 25, IPv6: 0, Min Delay: 59 ms, Max Speed: 83.47 M/s, Avg Speed: 25.39 M/s, Max Resolution: 1920x1080
Category: 📺央视频道, Name: CCTV-9, Total: 22, Valid: 21, Valid Percent: 95.45%, Whitelist: 0, IPv4: 22, IPv6: 0, Min Delay: 59 ms, Max Speed: 83.47 M/s, Avg Speed: 31.78 M/s, Max Resolution: 1920x1080
Category: 📺央视频道, Name: CCTV-10, Total: 27, Valid: 26, Valid Percent: 96.30%, Whitelist: 0, IPv4: 27, IPv6: 0, Min Delay: 59 ms, Max Speed: 83.47 M/s, Avg Speed: 25.78 M/s, Max Resolution: 1920x1080
Category: 📺央视频道, Name: CCTV-11, Total: 20, Valid: 19, Valid Percent: 95.00%, Whitelist: 0, IPv4: 20, IPv6: 0, Min Delay: 59 ms, Max Speed: 83.47 M/s, Avg Speed: 30.62 M/s, Max Resolution: 1920x1080
Category: 📺央视频道, Name: CCTV-12, Total: 21, Valid: 20, Valid Percent: 95.24%, Whitelist: 0, IPv4: 21, IPv6: 0, Min Delay: 59 ms, Max Speed: 83.47 M/s, Avg Speed: 33.26 M/s, Max Resolution: 1920x1080
Category: 📺央视频道, Name: CCTV-13, Total: 23, Valid: 22, Valid Percent: 95.65%, Whitelist: 0, IPv4: 19, IPv6: 4, Min Delay: 59 ms, Max Speed: 83.47 M/s, Avg Speed: 30.05 M/s, Max Resolution: 1920x1080
Category: 📺央视频道, Name: CCTV-14, Total: 25, Valid: 24, Valid Percent: 96.00%, Whitelist: 0, IPv4: 23, IPv6: 2, Min Delay: 59 ms, Max Speed: 83.47 M/s, Avg Speed: 28.53 M/s, Max Resolution: 1920x1080
Category: 📺央视频道, Name: CCTV-15, Total: 23, Valid: 22, Valid Percent: 95.65%, Whitelist: 0, IPv4: 23, IPv6: 0, Min Delay: 59 ms, Max Speed: 83.47 M/s, Avg Speed: 31.10 M/s, Max Resolution: 1920x1080
Category: 📺央视频道, Name: CCTV-16, Total: 18, Valid: 18, Valid Percent: 100.00%, Whitelist: 0, IPv4: 18, IPv6: 0, Min Delay: 59 ms, Max Speed: 83.47 M/s, Avg Speed: 23.50 M/s, Max Resolution: 1920x1080
Category: 📺央视频道, Name: CCTV-17, Total: 20, Valid: 20, Valid Percent: 100.00%, Whitelist: 0, IPv4: 20, IPv6: 0, Min Delay: 59 ms, Max Speed: 83.47 M/s, Avg Speed: 33.26 M/s, Max Resolution: 1920x1080
Category: 📡卫视频道, Name: 广东卫视, Total: 15, Valid: 14, Valid Percent: 93.33%, Whitelist: 0, IPv4: 15, IPv6: 0, Min Delay: 59 ms, Max Speed: 83.47 M/s, Avg Speed: 39.34 M/s, Max Resolution: 1920x1080
Category: 📡卫视频道, Name: 浙江卫视, Total: 16, Valid: 16, Valid Percent: 100.00%, Whitelist: 0, IPv4: 16, IPv6: 0, Min Delay: 59 ms, Max Speed: 83.47 M/s, Avg Speed: 35.54 M/s, Max Resolution: 1920x1080
Category: 📡卫视频道, Name: 湖南卫视, Total: 28, Valid: 27, Valid Percent: 96.43%, Whitelist: 0, IPv4: 28, IPv6: 0, Min Delay: 59 ms, Max Speed: 83.47 M/s, Avg Speed: 25.43 M/s, Max Resolution: 3840x2160
Category: 📡卫视频道, Name: 北京卫视, Total: 18, Valid: 17, Valid Percent: 94.44%, Whitelist: 0, IPv4: 18, IPv6: 0, Min Delay: 59 ms, Max Speed: 83.47 M/s, Avg Speed: 33.60 M/s, Max Resolution: 1920x1080
Category: 📡卫视频道, Name: 湖北卫视, Total: 16, Valid: 15, Valid Percent: 93.75%, Whitelist: 0, IPv4: 16, IPv6: 0, Min Delay: 59 ms, Max Speed: 83.47 M/s, Avg Speed: 36.51 M/s, Max Resolution: 1920x1080
Category: 📡卫视频道, Name: 黑龙江卫视, Total: 16, Valid: 15, Valid Percent: 93.75%, Whitelist: 0, IPv4: 16, IPv6: 0, Min Delay: 59 ms, Max Speed: 83.47 M/s, Avg Speed: 41.44 M/s, Max Resolution: 1920x1080
Category: 📡卫视频道, Name: 安徽卫视, Total: 16, Valid: 15, Valid Percent: 93.75%, Whitelist: 0, IPv4: 16, IPv6: 0, Min Delay: 59 ms, Max Speed: 83.47 M/s, Avg Speed: 36.74 M/s, Max Resolution: 1920x1080
Category: 📡卫视频道, Name: 重庆卫视, Total: 17, Valid: 16, Valid Percent: 94.12%, Whitelist: 0, IPv4: 17, IPv6: 0, Min Delay: 59 ms, Max Speed: 83.47 M/s, Avg Speed: 39.44 M/s, Max Resolution: 1920x1080
Category: 📡卫视频道, Name: 东方卫视, Total: 19, Valid: 18, Valid Percent: 94.74%, Whitelist: 0, IPv4: 19, IPv6: 0, Min Delay: 59 ms, Max Speed: 83.47 M/s, Avg Speed: 36.57 M/s, Max Resolution: 1920x1080
Category: 📡卫视频道, Name: 东南卫视, Total: 17, Valid: 16, Valid Percent: 94.12%, Whitelist: 0, IPv4: 17, IPv6: 0, Min Delay: 59 ms, Max Speed: 83.47 M/s, Avg Speed: 49.77 M/s, Max Resolution: 1920x1080
Category: 📡卫视频道, Name: 甘肃卫视, Total: 11, Valid: 11, Valid Percent: 100.00%, Whitelist: 0, IPv4: 11, IPv6: 0, Min Delay: 59 ms, Max Speed: 83.47 M/s, Avg Speed: 55.00 M/s, Max Resolution: 1920x1080
Category: 📡卫视频道, Name: 广西卫视, Total: 17, Valid: 15, Valid Percent: 88.24%, Whitelist: 0, IPv4: 17, IPv6: 0, Min Delay: 59 ms, Max Speed: 83.47 M/s, Avg Speed: 53.06 M/s, Max Resolution: 1920x1080
Category: 📡卫视频道, Name: 贵州卫视, Total: 18, Valid: 17, Valid Percent: 94.44%, Whitelist: 0, IPv4: 18, IPv6: 0, Min Delay: 59 ms, Max Speed: 83.47 M/s, Avg Speed: 51.21 M/s, Max Resolution: 1920x1080
Category: 📡卫视频道, Name: 海南卫视, Total: 11, Valid: 11, Valid Percent: 100.00%, Whitelist: 0, IPv4: 11, IPv6: 0, Min Delay: 59 ms, Max Speed: 83.47 M/s, Avg Speed: 54.38 M/s, Max Resolution: 1920x1080
Category: 📡卫视频道, Name: 河北卫视, Total: 19, Valid: 18, Valid Percent: 94.74%, Whitelist: 0, IPv4: 19, IPv6: 0, Min Delay: 59 ms, Max Speed: 83.47 M/s, Avg Speed: 44.27 M/s, Max Resolution: 1920x1080
Category: 📡卫视频道, Name: 河南卫视, Total: 20, Valid: 19, Valid Percent: 95.00%, Whitelist: 0, IPv4: 20, IPv6: 0, Min Delay: 59 ms, Max Speed: 83.47 M/s, Avg Speed: 46.57 M/s, Max Resolution: 1920x1080
Category: 📡卫视频道, Name: 吉林卫视, Total: 14, Valid: 13, Valid Percent: 92.86%, Whitelist: 0, IPv4: 14, IPv6: 0, Min Delay: 59 ms, Max Speed: 83.47 M/s, Avg Speed: 41.28 M/s, Max Resolution: 1920x1080
Category: 📡卫视频道, Name: 江苏卫视, Total: 21, Valid: 20, Valid Percent: 95.24%, Whitelist: 0, IPv4: 21, IPv6: 0, Min Delay: 59 ms, Max Speed: 83.47 M/s, Avg Speed: 32.96 M/s, Max Resolution: 1920x1080
Category: 📡卫视频道, Name: 江西卫视, Total: 16, Valid: 15, Valid Percent: 93.75%, Whitelist: 0, IPv4: 16, IPv6: 0, Min Delay: 59 ms, Max Speed: 83.47 M/s, Avg Speed: 41.44 M/s, Max Resolution: 1920x1080
Category: 📡卫视频道, Name: 辽宁卫视, Total: 17, Valid: 16, Valid Percent: 94.12%, Whitelist: 0, IPv4: 17, IPv6: 0, Min Delay: 59 ms, Max Speed: 83.47 M/s, Avg Speed: 44.57 M/s, Max Resolution: 1920x1080
Category: 📡卫视频道, Name: 内蒙古卫视, Total: 12, Valid: 12, Valid Percent: 100.00%, Whitelist: 0, IPv4: 12, IPv6: 0, Min Delay: 59 ms, Max Speed: 83.47 M/s, Avg Speed: 37.85 M/s, Max Resolution: 1920x1080
Category: 📡卫视频道, Name: 宁夏卫视, Total: 13, Valid: 13, Valid Percent: 100.00%, Whitelist: 0, IPv4: 13, IPv6: 0, Min Delay: 59 ms, Max Speed: 83.47 M/s, Avg Speed: 41.89 M/s, Max Resolution: 1920x1080
Category: 📡卫视频道, Name: 青海卫视, Total: 18, Valid: 18, Valid Percent: 100.00%, Whitelist: 0, IPv4: 16, IPv6: 2, Min Delay: 59 ms, Max Speed: 83.47 M/s, Avg Speed: 39.27 M/s, Max Resolution: 1920x1080
Category: 📡卫视频道, Name: 山东卫视, Total: 18, Valid: 17, Valid Percent: 94.44%, Whitelist: 0, IPv4: 18, IPv6: 0, Min Delay: 59 ms, Max Speed: 83.47 M/s, Avg Speed: 37.56 M/s, Max Resolution: 1920x1080
Category: 📡卫视频道, Name: 山西卫视, Total: 12, Valid: 12, Valid Percent: 100.00%, Whitelist: 0, IPv4: 12, IPv6: 0, Min Delay: 59 ms, Max Speed: 83.47 M/s, Avg Speed: 37.85 M/s, Max Resolution: 1920x1080
Category: 📡卫视频道, Name: 陕西卫视, Total: 12, Valid: 12, Valid Percent: 100.00%, Whitelist: 0, IPv4: 12, IPv6: 0, Min Delay: 59 ms, Max Speed: 83.47 M/s, Avg Speed: 24.77 M/s, Max Resolution: 1920x1080
Category: 📡卫视频道, Name: 四川卫视, Total: 19, Valid: 18, Valid Percent: 94.74%, Whitelist: 0, IPv4: 19, IPv6: 0, Min Delay: 59 ms, Max Speed: 83.47 M/s, Avg Speed: 48.44 M/s, Max Resolution: 1920x1080
Category: 📡卫视频道, Name: 深圳卫视, Total: 18, Valid: 18, Valid Percent: 100.00%, Whitelist: 0, IPv4: 18, IPv6: 0, Min Delay: 59 ms, Max Speed: 83.47 M/s, Avg Speed: 35.27 M/s, Max Resolution: 1920x1080
Category: 📡卫视频道, Name: 三沙卫视, Total: 11, Valid: 11, Valid Percent: 100.00%, Whitelist: 0, IPv4: 11, IPv6: 0, Min Delay: 59 ms, Max Speed: 83.47 M/s, Avg Speed: 48.54 M/s, Max Resolution: 1920x1080
Category: 📡卫视频道, Name: 天津卫视, Total: 15, Valid: 15, Valid Percent: 100.00%, Whitelist: 0, IPv4: 15, IPv6: 0, Min Delay: 59 ms, Max Speed: 83.47 M/s, Avg Speed: 36.96 M/s, Max Resolution: 1920x1080
Category: 📡卫视频道, Name: 西藏卫视, Total: 13, Valid: 13, Valid Percent: 100.00%, Whitelist: 0, IPv4: 11, IPv6: 2, Min Delay: 59 ms, Max Speed: 83.47 M/s, Avg Speed: 34.27 M/s, Max Resolution: 1920x1080
Category: 📡卫视频道, Name: 新疆卫视, Total: 16, Valid: 16, Valid Percent: 100.00%, Whitelist: 0, IPv4: 15, IPv6: 1, Min Delay: 59 ms, Max Speed: 83.47 M/s, Avg Speed: 28.45 M/s, Max Resolution: 1920x1080
Category: 📡卫视频道, Name: 云南卫视, Total: 20, Valid: 19, Valid Percent: 95.00%, Whitelist: 0, IPv4: 19, IPv6: 1, Min Delay: 59 ms, Max Speed: 83.47 M/s, Avg Speed: 41.47 M/s, Max Resolution: 1920x1080
